[www.rj1st.com/index.html]
[external.html]
[backblue.gif]
[fade.gif]
[static.parastorage.com/unpkg/core-js-bundle@3.2.1/minified.js]
[static.parastorage.com/unpkg/focus-within-polyfill@5.0.9/dist/focus-within-polyfill.js]
[index.html]
[polyfill.io/v3/polyfill.mind82c.js]
[browser.sentry-cdn.com/6.18.2/bundle.min.js]
[www.rj1st.com/decodeURIComponent(e.4.delayed]
[www.rj1st.com/sitemap.xml]
[www.rj1st.com/feed.6.delayed]
[static.parastorage.com/services/wix-thunderbolt/dist/bootstrap-features.e2a36163.bundle.min.js]
[static.parastorage.com/services/wix-thunderbolt/dist/main.1cbd6a9b.bundle.min.js]
[static.parastorage.com/unpkg/lodash@4.17.21/lodash.min.js]
[static.parastorage.com/unpkg/react@16.13.1/umd/react.production.min.js]
[static.parastorage.com/services/tag-manager-client/1.427.0/siteTags.bundle.min.js]
[www.rj1st.com/version/index.html]
[static.parastorage.com/services/wix-perf-measure/1.756.0/wix-perf-measure.bundle.min.js]
[static.parastorage.com/unpkg/react-dom@16.13.1/umd/react-dom.production.min.js]
[static.parastorage.com/services/editor-elements/dist/media/sloppyframe.d6793e19.png]
[www.rj1st.com/16e44c05.min.f.delayed]
[www.rj1st.com/b604fd33.min.10.delayed]
[www.rj1st.com/02b07b80.min.11.delayed]
[www.rj1st.com/7c602eb2.min.12.delayed]
[www.rj1st.com/f52e40aa.min.13.delayed]
[www.rj1st.com/07f5e5ab.min.14.delayed]
[www.rj1st.com/3acc863e.min.15.delayed]
[www.rj1st.com/4d761874.min.16.delayed]
[www.rj1st.com/1f15f937.min.17.delayed]
[www.rj1st.com/34b72cf9.min.18.delayed]
[www.rj1st.com/b028752b.chunk.min.19.delayed]
[www.rj1st.com/e341a3fb.chunk.min.1a.delayed]
[www.rj1st.com/rb_wixui.thunderbolt_bootstrap-classic.da0fc9ca.chunk.min.1b.delayed]
[www.rj1st.com/rb_wixui.thunderbolt_bootstrap-responsive.a66c1914.chunk.min.1c.delayed]
[www.rj1st.com/rb_wixui.thunderbolt_bootstrap-responsive.e341a3fb.chunk.min.1d.delayed]
[www.rj1st.com/rb_wixui.thunderbolt_common-site-members-dialogs.e6a271c3.chunk.min.1e.delayed]
[www.rj1st.com/rb_wixui.thunderbolt_common-site-members-dialogs.43fdce1f.chunk.min.1f.delayed]
[www.rj1st.com/rb_wixui.thunderbolt_bootstrap.5641211f.chunk.min.20.delayed]
[www.rj1st.com/rb_wixui.thunderbolt_bootstrap.b028752b.chunk.min.21.delayed]
[static.wixstatic.com/media/01c3aff52f2a4dffa526d7a9843d46ea.png/v1/fill/w_20,h_20,al_c,q_85,usm_0.66_1.00_0.01,blur_3,enc_auto/Instagram.png]
[www.rj1st.com/shop.html]
[static.wixstatic.com/media/d7b914_eb5415dedf7b4c1da2fc2daa94a37ead_mv2.jpg/v1/fill/w_245,h_138,al_c,q_80,usm_0.66_1.00_0.01,blur_2,enc_auto/d7b914_eb5415dedf7b4c1da2fc2daa94a37ead_mv2.jpg]
[www.rj1st.com/cart-page.html]
[static.wixstatic.com/media/d7b914_d1e16e42cd7645b2ae794730118a1825_mv2.jpg/v1/fill/w_100,h_100,al_c,q_80,usm_0.66_1.00_0.01/d7b914_d1e16e42cd7645b2ae794730118a1825_mv2.jpg]
[www.rj1st.com/shop-3.html]
